/home/iisr/.unsloth/studio/sandbox/__LOCALID_W8vum7H/microduck_rl/.venv/lib/python3.12/site-packages/mjlab/entity/entity.py:149: UserWarning: Actuator config matched 14 joint(s) but the same expressions also match 7 site(s): imu, left_foot, head_camera, tof, head_imu, mouth_tip, right_foot. Add a separate config with transmission_type=TransmissionType.SITE if those should be actuated too.
  self._add_actuators()
[mdp] Patches 1-2 active: NaN-safe reward/advantage
[mdp] Patch 4 active: ONNX export filters passive_* joints
[mdp] Patch 5 active: adaptive LR bounded to [1.0e-05, 3.84e-04]
[mdp] Patch 6 active: MICRODUCK_WARM_START=1 restarts curricula after checkpoint load
SPAWN_FLOOR: dropped termination 'fell_over' (it fires on the pin and recycles the episode)
Warp 1.12.0 initialized:
   CUDA Toolkit 12.9, Driver 13.0
   Devices:
     "cpu"      : "CPU"
     "cuda:0"   : "NVIDIA GeForce RTX 4090" (24 GiB, sm_89, mempool enabled)
   Kernel cache:
     /home/iisr/.cache/warp/1.12.0
Warp DeprecationWarning: The symbol `warp.context.runtime` will soon be removed from the public API. It can still be accessed from `warp._src.context.runtime` but might be changed or removed without notice.
Module mujoco_warp._src.smooth 95a0b8b load on device 'cuda:0' took 1.89 ms  (cached)
Module mujoco_warp._src.collision_driver 88f7770 load on device 'cuda:0' took 0.23 ms  (cached)
Module _nxn_broadphase__locals__kernel_e73b1315 e73b131 load on device 'cuda:0' took 0.26 ms  (cached)
Module ccd_kernel_builder__locals__ccd_kernel_079dfa94 079dfa9 load on device 'cuda:0' took 1.40 ms  (cached)
Module _primitive_narrowphase__locals__primitive_narrowphase_b282a07a b282a07 load on device 'cuda:0' took 0.49 ms  (cached)
Module mujoco_warp._src.constraint 27c5750 load on device 'cuda:0' took 1.31 ms  (cached)
Module _efc_contact_init__locals__kernel_fda71e14 fda71e1 load on device 'cuda:0' took 0.30 ms  (cached)
Module _efc_contact_jac_dense__locals__kernel_7974b597 cc0fc30 load on device 'cuda:0' took 0.31 ms  (cached)
Module _efc_contact_update__locals__kernel_90315d53 90315d5 load on device 'cuda:0' took 0.28 ms  (cached)
Module mujoco_warp._src.sensor 7fc0378 load on device 'cuda:0' took 1.48 ms  (cached)
Module mujoco_warp._src.forward f60f76d load on device 'cuda:0' took 0.84 ms  (cached)
Module mujoco_warp._src.passive 1a5e55c load on device 'cuda:0' took 0.63 ms  (cached)
Module mujoco_warp._src.forward 8ebfcb1 load on device 'cuda:0' took 0.84 ms  (cached)
Module mujoco_warp._src.support dd3f924 load on device 'cuda:0' took 0.28 ms  (cached)
Module _tile_cholesky_factorize_solve__locals__cholesky_factorize_solve_b16bf393 b7e5d5f load on device 'cuda:0' took 23.23 ms  (cached)
Module mujoco_warp._src.solver b116efb load on device 'cuda:0' took 0.97 ms  (cached)
Module solve_init_jaref__locals__kernel_5208712d 5208712 load on device 'cuda:0' took 0.26 ms  (cached)
Module mul_m_dense__locals___mul_m_dense_b66df345 b66df34 load on device 'cuda:0' took 0.23 ms  (cached)
Module update_constraint_efc__locals__kernel_32935e9d 32935e9 load on device 'cuda:0' took 0.36 ms  (cached)
Module update_constraint_gauss_cost__locals__kernel_baf8e129 baf8e12 load on device 'cuda:0' took 0.28 ms  (cached)
Module update_gradient_JTDAJ_dense_tiled__locals__kernel_9404d42c b63011f load on device 'cuda:0' took 0.46 ms  (cached)
Module update_gradient_cholesky__locals__kernel_5ee47d83 324a2ff load on device 'cuda:0' took 23.95 ms  (cached)
Module linesearch_jv_fused__locals__kernel_7bf09094 7bf0909 load on device 'cuda:0' took 0.35 ms  (cached)
Module linesearch_prepare_gauss__locals__kernel_97347d38 97347d3 load on device 'cuda:0' took 0.28 ms  (cached)
Module update_constraint_efc__locals__kernel_3c1a9816 3c1a981 load on device 'cuda:0' took 0.30 ms  (cached)
Module _contact_sort__locals__contact_sort_304c86df 6c97b35 load on device 'cuda:0' took 0.28 ms  (cached)
Module mujoco_warp._src.derivative d0e2fd7 load on device 'cuda:0' took 0.60 ms  (cached)
Module reset_data__locals__reset_xfrc_applied_e7898c5c e7898c5 load on device 'cuda:0' took 0.35 ms  (cached)
Module reset_data__locals__reset_qM_10d3c793 10d3c79 load on device 'cuda:0' took 0.22 ms  (cached)
Module reset_data__locals__reset_mocap_ff71f630 ff71f63 load on device 'cuda:0' took 0.21 ms  (cached)
Module reset_data__locals__reset_contact_df686d47 df686d4 load on device 'cuda:0' took 0.21 ms  (cached)
Module reset_data__locals__reset_nworld_6e0d904e 6e0d904 load on device 'cuda:0' took 0.24 ms  (cached)
[BamActuator] model='m6' joints=14 kt=0.3660 R=2.8114 vin=range=(6.5, 8.2) drop_gain_range=(0.0, 0.2) force_limit=±1.07Nm friction_base=0.0048 friction_viscous=0.0054 envs=256 device=cuda:0
Module mujoco_warp._src.render_util 94fd13e load on device 'cuda:0' took 0.42 ms  (cached)
Module mujoco_warp._src.bvh 08f985a load on device 'cuda:0' took 0.59 ms  (cached)
Module mujoco_warp._src.ray c8f2bb3 load on device 'cuda:0' took 0.77 ms  (cached)

+---------------------------------+
|         Base Environment        |
+------------------------+--------+
| Property               | Value  |
+------------------------+--------+
| Number of environments | 256    |
| Environment device     | cuda:0 |
| Environment seed       | None   |
| Physics step-size      | 0.005  |
| Environment step-size  | 0.02   |
+------------------------+--------+

[INFO] <EventManager> contains 3 active terms.
+-------------------------------------+
| Active Event Terms in Mode: 'reset' |
+-------+-----------------------------+
| Index | Name                        |
+-------+-----------------------------+
|   0   | reset_base                  |
|   1   | reset_robot_joints          |
|   2   | reset_action_history        |
|   3   | randomize_com               |
|   4   | randomize_head_com          |
|   5   | randomize_joint_friction    |
|   6   | randomize_armature          |
|   7   | random_prone_init           |
+-------+-----------------------------+
+-----------------------------------------------+
|     Active Event Terms in Mode: 'interval'    |
+-------+-------------+-------------------------+
| Index | Name        | Interval time range (s) |
+-------+-------------+-------------------------+
|   0   | push_robot  |        (3.0, 6.0)       |
|   1   | topple_push |        (4.0, 8.0)       |
+-------+-------------+-------------------------+
+---------------------------------------+
| Active Event Terms in Mode: 'startup' |
+-------+-------------------------------+
| Index | Name                          |
+-------+-------------------------------+
|   0   | foot_friction                 |
|   1   | encoder_bias                  |
|   2   | base_com                      |
|   3   | expand_bam_friction_fields    |
|   4   | randomize_mass_inertia        |
+-------+-------------------------------+
+-----------------------------+
| Domain Randomization Fields |
+-------+---------------------+
| Index | Field Name          |
+-------+---------------------+
|   0   | geom_friction       |
|   1   | body_ipos           |
|   2   | body_subtreemass    |
|   3   | dof_invweight0      |
|   4   | body_invweight0     |
|   5   | tendon_length0      |
|   6   | tendon_invweight0   |
|   7   | dof_frictionloss    |
|   8   | dof_damping         |
|   9   | body_mass           |
|   10  | body_inertia        |
|   11  | body_iquat          |
|   12  | dof_armature        |
+-------+---------------------+

Module repeat_array_kernel_39317a34 b712927 load on device 'cuda:0' took 0.30 ms  (cached)
Module repeat_array_kernel_39317a34 18fcc7e load on device 'cuda:0' took 0.25 ms  (cached)
Module repeat_array_kernel_39317a34 5cde7e8 load on device 'cuda:0' took 0.30 ms  (cached)
Module repeat_array_kernel_39317a34 0fe3117 load on device 'cuda:0' took 0.28 ms  (cached)
[INFO] <CommandManager> contains 3 active terms.
+------------------------------------------------+
|              Active Command Terms              |
+-------+-----------+----------------------------+
| Index | Name      |            Type            |
+-------+-----------+----------------------------+
|   0   | twist     | VelocityCommandCommandOnly |
|   1   | head_pose |     UniformPoseCommand     |
|   2   | body_pose |     UniformPoseCommand     |
+-------+-----------+----------------------------+

[INFO] <ActionManager> contains 1 active terms.
+---------------------------------+
| Active Action Terms (shape: 14) |
+-------+-----------+-------------+
| Index | Name      |   Dimension |
+-------+-----------+-------------+
|   0   | joint_pos |          14 |
+-------+-----------+-------------+

[INFO] <ObservationManager> contains 2 groups.
+-----------------------------------------------------------+
| Active Observation Terms in Group: 'actor' (shape: (61,)) |
+-----------+----------------------------------+------------+
|   Index   | Name                             |   Shape    |
+-----------+----------------------------------+------------+
|     0     | base_ang_vel                     |    (3,)    |
|     1     | projected_gravity                |    (3,)    |
|     2     | joint_pos                        |   (14,)    |
|     3     | joint_vel                        |   (14,)    |
|     4     | actions                          |   (14,)    |
|     5     | command                          |    (3,)    |
|     6     | head_command                     |    (4,)    |
|     7     | body_command                     |    (6,)    |
+-----------+----------------------------------+------------+
+------------------------------------------------------------+
| Active Observation Terms in Group: 'critic' (shape: (76,)) |
+----------+------------------------------------+------------+
|  Index   | Name                               |   Shape    |
+----------+------------------------------------+------------+
|    0     | base_lin_vel                       |    (3,)    |
|    1     | base_ang_vel                       |    (3,)    |
|    2     | projected_gravity                  |    (3,)    |
|    3     | joint_pos                          |   (14,)    |
|    4     | joint_vel                          |   (14,)    |
|    5     | actions                            |   (14,)    |
|    6     | command                            |    (3,)    |
|    7     | foot_height                        |    (2,)    |
|    8     | foot_air_time                      |    (2,)    |
|    9     | foot_contact                       |    (2,)    |
|    10    | foot_contact_forces                |    (6,)    |
|    11    | head_command                       |    (4,)    |
|    12    | body_command                       |    (6,)    |
+----------+------------------------------------+------------+

[INFO] <TerminationManager> contains 5 active terms.
+------------------------------------------+
|         Active Termination Terms         |
+-------+-----------------------+----------+
| Index | Name                  | Time Out |
+-------+-----------------------+----------+
|   0   | time_out              |   True   |
|   1   | out_of_terrain_bounds |   True   |
|   2   | nan_state             |  False   |
|   3   | recovery_stall        |  False   |
|   4   | fallen_too_long       |  False   |
+-------+-----------------------+----------+

[INFO] <RewardManager> contains 30 active terms.
+-------------------------------------------+
|            Active Reward Terms            |
+-------+------------------------+----------+
| Index | Name                   |   Weight |
+-------+------------------------+----------+
|   0   | track_linear_velocity  |      5.0 |
|   1   | track_angular_velocity |      3.0 |
|   2   | upright                |      2.0 |
|   3   | pose                   |      1.0 |
|   4   | body_ang_vel           |    -0.05 |
|   5   | angular_momentum       |    -0.02 |
|   6   | dof_pos_limits         |     -1.0 |
|   7   | action_rate_l2         |     -1.0 |
|   8   | air_time               |      3.0 |
|   9   | foot_clearance         |     -2.0 |
|   10  | foot_swing_height      |    -0.25 |
|   11  | foot_slip              |     -0.1 |
|   12  | self_collisions        |     -1.0 |
|   13  | turn_focus             |      0.0 |
|   14  | angular_wobble         |     -1.5 |
|   15  | head_pose_tracking     |      2.0 |
|   16  | body_pose_tracking     |      0.0 |
|   17  | head_pose_bias         |      1.5 |
|   18  | upright_progress       |      5.0 |
|   19  | height_progress        |     30.0 |
|   20  | com_upward_velocity    |      0.0 |
|   21  | joint_torque_rate_l2   |   -0.002 |
|   22  | servo_impact           |   -0.005 |
|   23  | head_impact            |  -0.0025 |
|   24  | trunk_impact           |  -0.0025 |
|   25  | servo_acc_spike        | -0.00025 |
|   26  | servo_stall            |  -0.0125 |
|   27  | gentle_rise            |  0.00125 |
|   28  | fallen_tax             |      0.0 |
|   29  | recovery_success       |      0.0 |
+-------+------------------------+----------+

[INFO] <CurriculumManager> contains 19 active terms.
+---------------------------------+
|     Active Curriculum Terms     |
+-------+-------------------------+
| Index | Name                    |
+-------+-------------------------+
|   0   | action_rate_weight      |
|   1   | standing_envs           |
|   2   | head_pose_range         |
|   3   | body_pose_range         |
|   4   | com_range               |
|   5   | head_com_range          |
|   6   | head_pose_bias_weight   |
|   7   | fell_over_disable       |
|   8   | prone_init_prob         |
|   9   | fallen_tax_weight       |
|   10  | recovery_success_weight |
|   11  | topple_push_range       |
|   12  | servo_impact_weight     |
|   13  | head_impact_weight      |
|   14  | trunk_impact_weight     |
|   15  | servo_acc_spike_weight  |
|   16  | servo_stall_weight      |
|   17  | gentle_rise_weight      |
|   18  | com_upward_weight       |
+-------+-------------------------+

[INFO] <MetricsManager> contains 6 active terms.
+------------------------------+
|     Active Metrics Terms     |
+-------+----------------------+
| Index | Name                 |
+-------+----------------------+
|   0   | mean_action_acc      |
|   1   | max_action_delta     |
|   2   | mean_abs_yaw_rate    |
|   3   | mean_abs_yaw_command |
|   4   | max_joint_vel        |
|   5   | dc_turn_gain         |
+-------+----------------------+

[INFO] <NullRecorderManager> (inactive)
Module mujoco_warp._src.io 4b387a0 load on device 'cuda:0' took 1.20 ms  (cached)
Module _tile_cholesky_factorize__locals__cholesky_factorize_a02b7349 3d3b894 load on device 'cuda:0' took 17.32 ms  (cached)
Module _tile_cholesky_solve__locals__cholesky_solve_8c82e9f1 95f6085 load on device 'cuda:0' took 16.75 ms  (cached)
SPAWN_FLOOR=prone_event: event replayed on all 256 envs; trunk z min/med/max = 50/72/90 mm
{"final_trunk_z_mm_median": 112.2, "final_trunk_z_mm_deciles": {"p10": 100.0, "p25": 103.5, "p50": 112.3, "p75": 114.0, "p90": 115.0}, "final_gravity_z_median": -1.0, "standing_frac": 0.734, "mean_reward": 189.73, "trunk_z_min_mm_median": 62.5, "trunk_z_max_mm_median": 115.7, "trunk_z_span_mm_median": 52.8, "mean_fwd_speed_mps": -0.0023, "mean_wheel_surface_speed_mps": null, "mean_slip_mps": null, "speed_samples": 1000, "by_spawn_bucket": {"spawn<60mm (supine/low)": {"n": 55, "stand_rate": 0.982, "t_stand_p50_steps": 38, "stand_le_1s": 0.6, "stand_le_2s": 0.618, "stand_le_4s": 0.655, "standing_frac": 0.745, "mean_reward": 187.92}, "spawn 60-85mm (prone)": {"n": 168, "stand_rate": 0.982, "t_stand_p50_steps": 47, "stand_le_1s": 0.524, "stand_le_2s": 0.571, "stand_le_4s": 0.643, "standing_frac": 0.72, "mean_reward": 189.92}, "spawn 85-105mm (sitting)": {"n": 33, "stand_rate": 1.0, "t_stand_p50_steps": 66, "stand_le_1s": 0.455, "stand_le_2s": 0.515, "stand_le_4s": 0.545, "standing_frac": 0.788, "mean_reward": 191.78}}, "by_spawn_bucket_terms": {"spawn<60mm": {"track_linear_velocity": 0.002, "track_angular_velocity": 0.001, "upright": 0.001, "head_pose_tracking": 0.001, "pose": 0.0, "body_ang_vel": -0.0, "angular_momentum": -0.0, "dof_pos_limits": 0.0}, "spawn 60-85mm": {"track_linear_velocity": 0.0, "track_angular_velocity": 0.0, "upright": 0.0, "pose": 0.0, "body_ang_vel": -0.0, "angular_momentum": -0.0, "dof_pos_limits": 0.0, "action_rate_l2": -0.0}, "spawn 85-105mm": {"track_linear_velocity": 0.0, "track_angular_velocity": 0.0, "upright": 0.0, "pose": 0.0, "body_ang_vel": 0.0, "angular_momentum": 0.0, "dof_pos_limits": 0.0, "action_rate_l2": 0.0}}, "recovery": {"spawn<60mm (supine)": {"n": 55, "recovery_rate": 0.982, "recovery_rate_sustained": 0.964, "sustained_hold_steps": 25, "t_stand_p50_steps": 38, "t_stand_sust_p50_steps": 59, "le_2s": 0.618, "le_4s": 0.655, "le_2s_sustained": 0.491, "le_4s_sustained": 0.545, "spawn_tilt_deg_med_recovered": 90.0, "spawn_tilt_deg_med_not": 90.0, "spawn_joint_l2_rec_vs_not": 0.0}, "spawn 60-85mm (prone)": {"n": 168, "recovery_rate": 0.982, "recovery_rate_sustained": 0.958, "sustained_hold_steps": 25, "t_stand_p50_steps": 47, "t_stand_sust_p50_steps": 59, "le_2s": 0.571, "le_4s": 0.643, "le_2s_sustained": 0.524, "le_4s_sustained": 0.595, "spawn_tilt_deg_med_recovered": 90.0, "spawn_tilt_deg_med_not": 90.0, "spawn_joint_l2_rec_vs_not": 0.0}, "spawn 85-95mm (sitting)": {"n": 33, "recovery_rate": 1.0, "recovery_rate_sustained": 0.97, "sustained_hold_steps": 25, "t_stand_p50_steps": 66, "t_stand_sust_p50_steps": 66, "le_2s": 0.515, "le_4s": 0.545, "le_2s_sustained": 0.485, "le_4s_sustained": 0.485, "spawn_tilt_deg_med": 90.0}, "ALL low spawns": {"n": 256, "recovery_rate": 0.984, "recovery_rate_sustained": 0.961, "sustained_hold_steps": 25}, "BY ORIENTATION (tilt-keyed)": {"floor (tilt>=60deg)": {"n": 256, "recovery_rate": 0.984, "recovery_rate_sustained": 0.961}}}, "alive_at_end": 1.0, "per_env_ep_len_median": 1000, "task": "Mjlab-VelStand-Flat-MicroDuck", "checkpoint": "model_5999.pt", "envs": 256, "steps_run": 1000, "episode_len_mean": 1000.0, "terminations": {"time_out": 252, "out_of_terrain_bounds": 0, "nan_state": 0, "recovery_stall": 4, "fallen_too_long": 0}, "metrics": {"Curriculum/action_rate_weight": -1.0, "Curriculum/body_pose_range": 0.15, "Curriculum/com_range": 0.02, "Curriculum/com_upward_weight": 0.0, "Curriculum/fallen_tax_weight": 0.0, "Curriculum/fell_over_disable": 0.0, "Curriculum/gentle_rise_weight": 0.0012, "Curriculum/head_com_range": 0.008, "Curriculum/head_impact_weight": -0.0025, "Curriculum/head_pose_bias_weight": 1.5, "Curriculum/head_pose_range": 1.2, "Curriculum/prone_init_prob": 0.0, "Curriculum/recovery_success_weight": 0.0, "Curriculum/servo_acc_spike_weight": -0.0003, "Curriculum/servo_impact_weight": -0.005, "Curriculum/servo_stall_weight": -0.0125, "Curriculum/standing_envs": 0.5, "Curriculum/topple_push_range": 0.3, "Curriculum/trunk_impact_weight": -0.0025, "Episode_Metrics/dc_turn_gain": 0.1714, "Episode_Metrics/max_action_delta": 0.083, "Episode_Metrics/max_joint_vel": 0.7968, "Episode_Metrics/mean_abs_yaw_command": 0.1942, "Episode_Metrics/mean_abs_yaw_rate": 0.1324, "Episode_Metrics/mean_action_acc": 0.0398, "Episode_Reward/action_rate_l2": -0.0817, "Episode_Reward/air_time": 0.0023, "Episode_Reward/angular_momentum": -0.0, "Episode_Reward/angular_wobble": -0.11, "Episode_Reward/body_ang_vel": -0.0218, "Episode_Reward/body_pose_tracking": 0.0, "Episode_Reward/com_upward_velocity": 0.0, "Episode_Reward/dof_pos_limits": -0.0138, "Episode_Reward/fallen_tax": 0.0, "Episode_Reward/foot_clearance": -0.0005, "Episode_Reward/foot_slip": -0.0001, "Episode_Reward/foot_swing_height": -0.0051, "Episode_Reward/gentle_rise": -0.0003, "Episode_Reward/head_impact": -0.0, "Episode_Reward/head_pose_bias": -0.1513, "Episode_Reward/head_pose_tracking": 1.6728, "Episode_Reward/height_progress": 0.0012, "Episode_Reward/joint_torque_rate_l2": -0.0, "Episode_Reward/pose": 0.4824, "Episode_Reward/recovery_success": 0.0, "Episode_Reward/self_collisions": -0.1334, "Episode_Reward/servo_acc_spike": -0.0, "Episode_Reward/servo_impact": -0.0, "Episode_Reward/servo_stall": -0.0002, "Episode_Reward/track_angular_velocity": 2.5755, "Episode_Reward/track_linear_velocity": 3.402, "Episode_Reward/trunk_impact": 0.0, "Episode_Reward/turn_focus": 0.0, "Episode_Reward/upright": 1.8893, "Episode_Reward/upright_progress": 0.0049, "Episode_Termination/fallen_too_long": 0.0, "Episode_Termination/nan_state": 0.0, "Episode_Termination/out_of_terrain_bounds": 0.0, "Episode_Termination/recovery_stall": 0.0, "Episode_Termination/time_out": 252.0, "Metrics/twist/error_vel_xy": 0.4291, "Metrics/twist/error_vel_yaw": 0.4163}}
