=== ACCEPTANCE GATE: ball_kick right ===
checkpoint: logs/rsl_rl/ball_kick_left/2026-09-23_16-47-24_ball_kick_left/model_1499.pt
date: 2026-09-28T14:58:12+08:00
--- demonstration: 5 seeds x 5 rounds (explicit GATE_SEEDS) ---
  seed 0: ball_kick right 5/5 ALL PASS (ball_kick_left)
    ball_kick right ball_kick_left 1:OK ball+1.388 m | 2:OK ball+1.177 m | 3:OK ball+1.392 m | 4:OK ball+1.360 m | 5:OK ball+1.315 m
  seed 1: ball_kick right 5/5 ALL PASS (ball_kick_left)
    ball_kick right ball_kick_left 1:OK ball+1.377 m | 2:OK ball+1.369 m | 3:OK ball+1.370 m | 4:OK ball+1.286 m | 5:OK ball+1.279 m
  seed 2: ball_kick right 5/5 ALL PASS (ball_kick_left)
    ball_kick right ball_kick_left 1:OK ball+1.347 m | 2:OK ball+1.256 m | 3:OK ball+1.363 m | 4:OK ball+1.480 m | 5:OK ball+1.378 m
  seed 3: ball_kick right 5/5 ALL PASS (ball_kick_left)
    ball_kick right ball_kick_left 1:OK ball+1.362 m | 2:OK ball+1.238 m | 3:OK ball+1.239 m | 4:OK ball+1.413 m | 5:OK ball+1.386 m
  seed 4: ball_kick right 5/5 ALL PASS (ball_kick_left)
    ball_kick right ball_kick_left 1:OK ball+1.281 m | 2:OK ball+1.479 m | 3:OK ball+1.691 m | 4:OK ball+1.326 m | 5:OK ball+1.275 m
  AGGREGATE: 25/25 rounds (100%)
[mdp] Patches 1-2 active: NaN-safe reward/advantage
[mdp] Patch 4 active: ONNX export filters passive_* joints
[mdp] Patch 5 active: adaptive LR bounded to [1.0e-05, 3.84e-04]
[mdp] Patch 6 active: MICRODUCK_WARM_START=1 restarts curricula after checkpoint load
  seed 0: median ball = 1.36 (n=5)
  seed 1: median ball = 1.369 (n=5)
  seed 2: median ball = 1.363 (n=5)
  seed 3: median ball = 1.362 (n=5)
  seed 4: median ball = 1.326 (n=5)
  CONTINUOUS: median ball over 25 rounds = 1.362 (mean 1.353 +/-0.03961 95%, SD 0.1011)
=== VERDICT: PASS  25/25 rounds (100%) ===
