/home/iisr/.unsloth/studio/sandbox/__LOCALID_W8vum7H/microduck_rl/.venv/lib/python3.12/site-packages/mjlab/entity/entity.py:149: UserWarning: Actuator config matched 14 joint(s) but the same expressions also match 7 site(s): imu, left_foot, head_camera, tof, head_imu, mouth_tip, right_foot. Add a separate config with transmission_type=TransmissionType.SITE if those should be actuated too.
  self._add_actuators()
WARNING: OpenGL error 0x502 in or before mjr_makeContext

[mdp] Patches 1-2 active: NaN-safe reward/advantage
[mdp] Patch 4 active: ONNX export filters passive_* joints
[mdp] Patch 5 active: adaptive LR bounded to [1.0e-05, 3.84e-04]
[mdp] Patch 6 active: MICRODUCK_WARM_START=1 restarts curricula after checkpoint load
skill                  task env                           rounds
--------------------------------------------------------------------------------------------------------------
Warp 1.12.0 initialized:
   CUDA Toolkit 12.9, Driver 13.0
   Devices:
     "cpu"      : "CPU"
     "cuda:0"   : "NVIDIA GeForce RTX 4090" (22 GiB, sm_89, mempool enabled)
   Kernel cache:
     /home/iisr/.cache/warp/1.12.0
Warp DeprecationWarning: The symbol `warp.context.runtime` will soon be removed from the public API. It can still be accessed from `warp._src.context.runtime` but might be changed or removed without notice.
Module mujoco_warp._src.smooth 95a0b8b load on device 'cuda:0' took 1.92 ms  (cached)
Module mujoco_warp._src.collision_driver 88f7770 load on device 'cuda:0' took 0.23 ms  (cached)
Module _nxn_broadphase__locals__kernel_e73b1315 e73b131 load on device 'cuda:0' took 0.28 ms  (cached)
Module ccd_kernel_builder__locals__ccd_kernel_079dfa94 079dfa9 load on device 'cuda:0' took 1.41 ms  (cached)
Module _primitive_narrowphase__locals__primitive_narrowphase_b282a07a b282a07 load on device 'cuda:0' took 0.54 ms  (cached)
Module mujoco_warp._src.constraint 27c5750 load on device 'cuda:0' took 1.42 ms  (cached)
Module _efc_contact_init__locals__kernel_fda71e14 fda71e1 load on device 'cuda:0' took 0.28 ms  (cached)
Module _efc_contact_jac_dense__locals__kernel_7974b597 cc0fc30 load on device 'cuda:0' took 0.30 ms  (cached)
Module _efc_contact_update__locals__kernel_90315d53 90315d5 load on device 'cuda:0' took 0.25 ms  (cached)
Module mujoco_warp._src.sensor 7fc0378 load on device 'cuda:0' took 1.73 ms  (cached)
Module mujoco_warp._src.forward f60f76d load on device 'cuda:0' took 0.78 ms  (cached)
Module mujoco_warp._src.passive 1a5e55c load on device 'cuda:0' took 0.68 ms  (cached)
Module mujoco_warp._src.forward 8ebfcb1 load on device 'cuda:0' took 0.96 ms  (cached)
Module mujoco_warp._src.support dd3f924 load on device 'cuda:0' took 0.23 ms  (cached)
Module _tile_cholesky_factorize_solve__locals__cholesky_factorize_solve_b16bf393 b7e5d5f load on device 'cuda:0' took 21.17 ms  (cached)
Module mujoco_warp._src.solver b116efb load on device 'cuda:0' took 0.95 ms  (cached)
Module solve_init_jaref__locals__kernel_5208712d 5208712 load on device 'cuda:0' took 0.23 ms  (cached)
Module mul_m_dense__locals___mul_m_dense_b66df345 b66df34 load on device 'cuda:0' took 0.21 ms  (cached)
Module update_constraint_efc__locals__kernel_32935e9d 32935e9 load on device 'cuda:0' took 0.30 ms  (cached)
Module update_constraint_gauss_cost__locals__kernel_baf8e129 baf8e12 load on device 'cuda:0' took 0.25 ms  (cached)
Module update_gradient_JTDAJ_dense_tiled__locals__kernel_9404d42c b63011f load on device 'cuda:0' took 0.39 ms  (cached)
Module update_gradient_cholesky__locals__kernel_5ee47d83 324a2ff load on device 'cuda:0' took 21.38 ms  (cached)
Module linesearch_jv_fused__locals__kernel_7bf09094 7bf0909 load on device 'cuda:0' took 0.28 ms  (cached)
Module linesearch_prepare_gauss__locals__kernel_97347d38 97347d3 load on device 'cuda:0' took 0.26 ms  (cached)
Module update_constraint_efc__locals__kernel_3c1a9816 3c1a981 load on device 'cuda:0' took 0.34 ms  (cached)
Module _contact_sort__locals__contact_sort_304c86df 6c97b35 load on device 'cuda:0' took 0.27 ms  (cached)
Module mujoco_warp._src.derivative d0e2fd7 load on device 'cuda:0' took 0.51 ms  (cached)
Module reset_data__locals__reset_xfrc_applied_e7898c5c e7898c5 load on device 'cuda:0' took 0.26 ms  (cached)
Module reset_data__locals__reset_qM_10d3c793 10d3c79 load on device 'cuda:0' took 0.20 ms  (cached)
Module reset_data__locals__reset_mocap_ff71f630 ff71f63 load on device 'cuda:0' took 0.20 ms  (cached)
Module reset_data__locals__reset_contact_df686d47 df686d4 load on device 'cuda:0' took 0.19 ms  (cached)
Module reset_data__locals__reset_nworld_6e0d904e 6e0d904 load on device 'cuda:0' took 0.22 ms  (cached)
[BamActuator] model='m6' joints=14 kt=0.3660 R=2.8114 vin=range=(6.5, 8.2) drop_gain_range=(0.0, 0.2) force_limit=±1.07Nm friction_base=0.0048 friction_viscous=0.0054 envs=1 device=cuda:0

+---------------------------------+
|         Base Environment        |
+------------------------+--------+
| Property               | Value  |
+------------------------+--------+
| Number of environments | 1      |
| Environment device     | cuda:0 |
| Environment seed       | None   |
| Physics step-size      | 0.005  |
| Environment step-size  | 0.02   |
+------------------------+--------+

[INFO] <EventManager> contains 3 active terms.
+-------------------------------------+
| Active Event Terms in Mode: 'reset' |
+-------+-----------------------------+
| Index | Name                        |
+-------+-----------------------------+
|   0   | reset_base                  |
|   1   | reset_robot_joints          |
|   2   | reset_action_history        |
|   3   | set_ground_state            |
|   4   | randomize_com               |
|   5   | randomize_head_com          |
|   6   | randomize_armature          |
|   7   | randomize_joint_friction    |
+-------+-----------------------------+
+----------------------------------------------+
|    Active Event Terms in Mode: 'interval'    |
+-------+------------+-------------------------+
| Index | Name       | Interval time range (s) |
+-------+------------+-------------------------+
|   0   | push_robot |        (3.0, 6.0)       |
+-------+------------+-------------------------+
+---------------------------------------+
| Active Event Terms in Mode: 'startup' |
+-------+-------------------------------+
| Index | Name                          |
+-------+-------------------------------+
|   0   | foot_friction                 |
|   1   | encoder_bias                  |
|   2   | base_com                      |
|   3   | expand_bam_friction_fields    |
|   4   | randomize_mass_inertia        |
+-------+-------------------------------+
+-----------------------------+
| Domain Randomization Fields |
+-------+---------------------+
| Index | Field Name          |
+-------+---------------------+
|   0   | geom_friction       |
|   1   | body_ipos           |
|   2   | body_subtreemass    |
|   3   | dof_invweight0      |
|   4   | body_invweight0     |
|   5   | tendon_length0      |
|   6   | tendon_invweight0   |
|   7   | dof_frictionloss    |
|   8   | dof_damping         |
|   9   | dof_armature        |
|   10  | body_mass           |
|   11  | body_inertia        |
|   12  | body_iquat          |
+-------+---------------------+

[INFO] <CommandManager> contains 2 active terms.
+----------------------------------------+
|          Active Command Terms          |
+-------+-----------+--------------------+
| Index | Name      |        Type        |
+-------+-----------+--------------------+
|   0   | twist     |  SitStandCommand   |
|   1   | head_pose | UniformPoseCommand |
+-------+-----------+--------------------+

[INFO] <ActionManager> contains 1 active terms.
+---------------------------------+
| Active Action Terms (shape: 14) |
+-------+-----------+-------------+
| Index | Name      |   Dimension |
+-------+-----------+-------------+
|   0   | joint_pos |          14 |
+-------+-----------+-------------+

[INFO] <ObservationManager> contains 2 groups.
+-----------------------------------------------------------+
| Active Observation Terms in Group: 'actor' (shape: (61,)) |
+-----------+----------------------------------+------------+
|   Index   | Name                             |   Shape    |
+-----------+----------------------------------+------------+
|     0     | base_ang_vel                     |    (3,)    |
|     1     | projected_gravity                |    (3,)    |
|     2     | joint_pos                        |   (14,)    |
|     3     | joint_vel                        |   (14,)    |
|     4     | actions                          |   (14,)    |
|     5     | command                          |    (3,)    |
|     6     | head_command                     |    (4,)    |
|     7     | body_command                     |    (6,)    |
+-----------+----------------------------------+------------+
+------------------------------------------------------------+
| Active Observation Terms in Group: 'critic' (shape: (74,)) |
+----------+------------------------------------+------------+
|  Index   | Name                               |   Shape    |
+----------+------------------------------------+------------+
|    0     | base_lin_vel                       |    (3,)    |
|    1     | base_ang_vel                       |    (3,)    |
|    2     | projected_gravity                  |    (3,)    |
|    3     | joint_pos                          |   (14,)    |
|    4     | joint_vel                          |   (14,)    |
|    5     | actions                            |   (14,)    |
|    6     | command                            |    (3,)    |
|    7     | foot_air_time                      |    (2,)    |
|    8     | foot_contact                       |    (2,)    |
|    9     | foot_contact_forces                |    (6,)    |
|    10    | head_command                       |    (4,)    |
|    11    | body_command                       |    (6,)    |
+----------+------------------------------------+------------+

[INFO] <TerminationManager> contains 3 active terms.
+------------------------------------------+
|         Active Termination Terms         |
+-------+-----------------------+----------+
| Index | Name                  | Time Out |
+-------+-----------------------+----------+
|   0   | time_out              |   True   |
|   1   | out_of_terrain_bounds |   True   |
|   2   | nan_state             |  False   |
+-------+-----------------------+----------+

[INFO] <RewardManager> contains 20 active terms.
+---------------------------------------+
|          Active Reward Terms          |
+-------+----------------------+--------+
| Index | Name                 | Weight |
+-------+----------------------+--------+
|   0   | body_ang_vel         |  -0.05 |
|   1   | angular_momentum     |  -0.02 |
|   2   | dof_pos_limits       |   -1.0 |
|   3   | action_rate_l2       |   -0.1 |
|   4   | posture_pose_legs    |    4.0 |
|   5   | head_pose_tracking   |   0.75 |
|   6   | posture_pose_l1      |    1.0 |
|   7   | posture_height       |    1.0 |
|   8   | posture_height_sharp |    1.0 |
|   9   | posture_height_l1    |    6.0 |
|   10  | rise_bootstrap       |   0.75 |
|   11  | descent_speed        |   10.0 |
|   12  | rise_speed           |    0.0 |
|   13  | gentle_motion        |   0.05 |
|   14  | upright_linear       |    2.5 |
|   15  | upright_while_tall   |    1.5 |
|   16  | posture_stillness    |    2.0 |
|   17  | posture_composite    |    3.0 |
|   18  | joint_torque_rate_l2 |    0.0 |
|   19  | self_collisions      |   -1.0 |
+-------+----------------------+--------+

[INFO] <CurriculumManager> contains 8 active terms.
+------------------------------+
|   Active Curriculum Terms    |
+-------+----------------------+
| Index | Name                 |
+-------+----------------------+
|   0   | head_pose_range      |
|   1   | com_range            |
|   2   | head_com_range       |
|   3   | push_magnitude       |
|   4   | action_rate_weight   |
|   5   | descent_speed_weight |
|   6   | rise_speed_weight    |
|   7   | torque_rate_weight   |
+-------+----------------------+

[INFO] <MetricsManager> contains 1 active terms.
+-------------------------+
|   Active Metrics Terms  |
+-------+-----------------+
| Index | Name            |
+-------+-----------------+
|   0   | mean_action_acc |
+-------+-----------------+

[INFO] <NullRecorderManager> (inactive)
Module mujoco_warp._src.io 4b387a0 load on device 'cuda:0' took 1.15 ms  (cached)
Module _tile_cholesky_factorize__locals__cholesky_factorize_a02b7349 3d3b894 load on device 'cuda:0' took 15.72 ms  (cached)
Module _tile_cholesky_solve__locals__cholesky_solve_8c82e9f1 95f6085 load on device 'cuda:0' took 15.15 ms  (cached)
                       video -> logs/demo_videos/sitstand.mp4 (1500 frames)
sitstand               sitstand_hold2                     1:OK z 53->53 span=67 cmd[+0,+1] switch | 2:OK z 113->117 span=4 cmd[+0,+0] held stand | 3:OK z 53->53 span=18 cmd[+1,+1] held sit | 4:OK z 53->53 span=63 cmd[+1,+1] held sit | 5:OK z 53->53 span=15 cmd[+1,+1] held sit
--------------------------------------------------------------------------------------------------------------
sitstand                 5/5  ALL PASS   (sitstand_hold2)
